{"status":"not-ready","checks":[{"name":"config","status":"ready","message":"schema and path policy validated"},{"name":"state-db","status":"degraded","message":"database has not been created"},{"name":"linear","status":"not-ready","message":"secret environment reference is unavailable; offline doctor did not contact Linear"},{"name":"openclaw","status":"not-ready","message":"executable is unavailable"},{"name":"review-root","status":"ready","message":"private directory is present"},{"name":"artifact-root","status":"ready","message":"private directory is present"},{"name":"service-environment","status":"not-ready","message":"required secret environment variable is not set"}]}
